INFO:sentence_transformers.SentenceTransformer:Use pytorch device_name: cpu
INFO:sentence_transformers.SentenceTransformer:Load pretrained SentenceTransformer: BAAI/bge-m3
INFO:faiss.loader:Loading faiss with AVX2 support.
INFO:faiss.loader:Successfully loaded faiss with AVX2 support.
INFO:faiss:Failed to load GPU Faiss: name 'GpuIndexIVFFlat' is not defined. Will not load constructor refs for GPU indexes. This is only an error if you're trying to use GPU Faiss.
INFO:werkzeug:[31m[1mWARNING: This is a development server. Do not use it in a production deployment. Use a production WSGI server instead.[0m
 * Running on http://127.0.0.1:5000
INFO:werkzeug:[33mPress CTRL+C to quit[0m
INFO:werkzeug: * Restarting with stat
INFO:sentence_transformers.SentenceTransformer:Use pytorch device_name: cpu
INFO:sentence_transformers.SentenceTransformer:Load pretrained SentenceTransformer: BAAI/bge-m3
INFO:faiss.loader:Loading faiss with AVX2 support.
INFO:faiss.loader:Successfully loaded faiss with AVX2 support.
INFO:faiss:Failed to load GPU Faiss: name 'GpuIndexIVFFlat' is not defined. Will not load constructor refs for GPU indexes. This is only an error if you're trying to use GPU Faiss.
WARNING:werkzeug: * Debugger is active!
INFO:werkzeug: * Debugger PIN: 107-690-026
INFO:sentence_transformers.SentenceTransformer:Use pytorch device_name: cpu
INFO:sentence_transformers.SentenceTransformer:Load pretrained SentenceTransformer: BAAI/bge-m3
INFO:faiss.loader:Loading faiss with AVX2 support.
INFO:faiss.loader:Successfully loaded faiss with AVX2 support.
INFO:faiss:Failed to load GPU Faiss: name 'GpuIndexIVFFlat' is not defined. Will not load constructor refs for GPU indexes. This is only an error if you're trying to use GPU Faiss.
INFO:werkzeug:[31m[1mWARNING: This is a development server. Do not use it in a production deployment. Use a production WSGI server instead.[0m
 * Running on http://127.0.0.1:5000
INFO:werkzeug:[33mPress CTRL+C to quit[0m
INFO:werkzeug: * Restarting with stat
INFO:sentence_transformers.SentenceTransformer:Use pytorch device_name: cpu
INFO:sentence_transformers.SentenceTransformer:Load pretrained SentenceTransformer: BAAI/bge-m3
INFO:faiss.loader:Loading faiss with AVX2 support.
INFO:faiss.loader:Successfully loaded faiss with AVX2 support.
INFO:faiss:Failed to load GPU Faiss: name 'GpuIndexIVFFlat' is not defined. Will not load constructor refs for GPU indexes. This is only an error if you're trying to use GPU Faiss.
WARNING:werkzeug: * Debugger is active!
INFO:werkzeug: * Debugger PIN: 107-690-026
INFO:sentence_transformers.SentenceTransformer:Use pytorch device_name: cpu
INFO:sentence_transformers.SentenceTransformer:Load pretrained SentenceTransformer: BAAI/bge-m3
INFO:faiss.loader:Loading faiss with AVX2 support.
INFO:faiss.loader:Successfully loaded faiss with AVX2 support.
INFO:faiss:Failed to load GPU Faiss: name 'GpuIndexIVFFlat' is not defined. Will not load constructor refs for GPU indexes. This is only an error if you're trying to use GPU Faiss.
INFO:sentence_transformers.SentenceTransformer:Use pytorch device_name: cpu
INFO:sentence_transformers.SentenceTransformer:Load pretrained SentenceTransformer: BAAI/bge-m3
INFO:faiss.loader:Loading faiss with AVX2 support.
INFO:faiss.loader:Successfully loaded faiss with AVX2 support.
INFO:faiss:Failed to load GPU Faiss: name 'GpuIndexIVFFlat' is not defined. Will not load constructor refs for GPU indexes. This is only an error if you're trying to use GPU Faiss.
INFO:werkzeug:[31m[1mWARNING: This is a development server. Do not use it in a production deployment. Use a production WSGI server instead.[0m
 * Running on http://127.0.0.1:5000
INFO:werkzeug:[33mPress CTRL+C to quit[0m
INFO:werkzeug: * Restarting with stat
INFO:sentence_transformers.SentenceTransformer:Use pytorch device_name: cpu
INFO:sentence_transformers.SentenceTransformer:Load pretrained SentenceTransformer: BAAI/bge-m3
INFO:faiss.loader:Loading faiss with AVX2 support.
INFO:faiss.loader:Successfully loaded faiss with AVX2 support.
INFO:faiss:Failed to load GPU Faiss: name 'GpuIndexIVFFlat' is not defined. Will not load constructor refs for GPU indexes. This is only an error if you're trying to use GPU Faiss.
WARNING:werkzeug: * Debugger is active!
INFO:werkzeug: * Debugger PIN: 107-690-026
INFO:sentence_transformers.SentenceTransformer:Use pytorch device_name: cpu
INFO:sentence_transformers.SentenceTransformer:Load pretrained SentenceTransformer: BAAI/bge-m3
INFO:faiss.loader:Loading faiss with AVX2 support.
INFO:faiss.loader:Successfully loaded faiss with AVX2 support.
INFO:faiss:Failed to load GPU Faiss: name 'GpuIndexIVFFlat' is not defined. Will not load constructor refs for GPU indexes. This is only an error if you're trying to use GPU Faiss.
INFO:werkzeug:[31m[1mWARNING: This is a development server. Do not use it in a production deployment. Use a production WSGI server instead.[0m
 * Running on http://127.0.0.1:5000
INFO:werkzeug:[33mPress CTRL+C to quit[0m
INFO:werkzeug: * Restarting with stat
INFO:sentence_transformers.SentenceTransformer:Use pytorch device_name: cpu
INFO:sentence_transformers.SentenceTransformer:Load pretrained SentenceTransformer: BAAI/bge-m3
INFO:faiss.loader:Loading faiss with AVX2 support.
INFO:faiss.loader:Successfully loaded faiss with AVX2 support.
INFO:faiss:Failed to load GPU Faiss: name 'GpuIndexIVFFlat' is not defined. Will not load constructor refs for GPU indexes. This is only an error if you're trying to use GPU Faiss.
WARNING:werkzeug: * Debugger is active!
INFO:werkzeug: * Debugger PIN: 107-690-026
INFO:werkzeug:127.0.0.1 - - [10/Jul/2025 14:05:49] "POST / HTTP/1.1" 200 -
INFO:werkzeug:127.0.0.1 - - [10/Jul/2025 14:08:57] "POST / HTTP/1.1" 200 -
INFO:werkzeug:127.0.0.1 - - [10/Jul/2025 14:13:13] "POST / HTTP/1.1" 200 -
INFO:sentence_transformers.SentenceTransformer:Use pytorch device_name: cpu
INFO:sentence_transformers.SentenceTransformer:Load pretrained SentenceTransformer: BAAI/bge-m3
INFO:faiss.loader:Loading faiss with AVX2 support.
INFO:faiss.loader:Successfully loaded faiss with AVX2 support.
INFO:faiss:Failed to load GPU Faiss: name 'GpuIndexIVFFlat' is not defined. Will not load constructor refs for GPU indexes. This is only an error if you're trying to use GPU Faiss.
INFO:werkzeug:[31m[1mWARNING: This is a development server. Do not use it in a production deployment. Use a production WSGI server instead.[0m
 * Running on http://127.0.0.1:5000
INFO:werkzeug:[33mPress CTRL+C to quit[0m
INFO:werkzeug: * Restarting with stat
INFO:sentence_transformers.SentenceTransformer:Use pytorch device_name: cpu
INFO:sentence_transformers.SentenceTransformer:Load pretrained SentenceTransformer: BAAI/bge-m3
INFO:faiss.loader:Loading faiss with AVX2 support.
INFO:faiss.loader:Successfully loaded faiss with AVX2 support.
INFO:faiss:Failed to load GPU Faiss: name 'GpuIndexIVFFlat' is not defined. Will not load constructor refs for GPU indexes. This is only an error if you're trying to use GPU Faiss.
WARNING:werkzeug: * Debugger is active!
INFO:werkzeug: * Debugger PIN: 107-690-026
INFO:werkzeug:127.0.0.1 - - [10/Jul/2025 15:09:23] "POST / HTTP/1.1" 200 -
INFO:werkzeug:127.0.0.1 - - [10/Jul/2025 15:14:54] "POST / HTTP/1.1" 200 -
INFO:sentence_transformers.SentenceTransformer:Use pytorch device_name: cpu
INFO:sentence_transformers.SentenceTransformer:Load pretrained SentenceTransformer: BAAI/bge-m3
INFO:faiss.loader:Loading faiss with AVX2 support.
INFO:faiss.loader:Successfully loaded faiss with AVX2 support.
INFO:faiss:Failed to load GPU Faiss: name 'GpuIndexIVFFlat' is not defined. Will not load constructor refs for GPU indexes. This is only an error if you're trying to use GPU Faiss.
INFO:werkzeug:[31m[1mWARNING: This is a development server. Do not use it in a production deployment. Use a production WSGI server instead.[0m
 * Running on http://127.0.0.1:5000
INFO:werkzeug:[33mPress CTRL+C to quit[0m
INFO:werkzeug: * Restarting with stat
INFO:sentence_transformers.SentenceTransformer:Use pytorch device_name: cpu
INFO:sentence_transformers.SentenceTransformer:Load pretrained SentenceTransformer: BAAI/bge-m3
INFO:faiss.loader:Loading faiss with AVX2 support.
INFO:faiss.loader:Successfully loaded faiss with AVX2 support.
INFO:faiss:Failed to load GPU Faiss: name 'GpuIndexIVFFlat' is not defined. Will not load constructor refs for GPU indexes. This is only an error if you're trying to use GPU Faiss.
WARNING:werkzeug: * Debugger is active!
INFO:werkzeug: * Debugger PIN: 107-690-026
INFO:werkzeug:127.0.0.1 - - [10/Jul/2025 15:30:28] "GET / HTTP/1.1" 200 -
INFO:werkzeug:127.0.0.1 - - [10/Jul/2025 15:30:35] "[33mGET /favicon.ico HTTP/1.1[0m" 404 -
INFO:werkzeug:127.0.0.1 - - [10/Jul/2025 15:32:52] "POST / HTTP/1.1" 200 -
ERROR:root:Erro ao consultar modelo: HTTPConnectionPool(host='localhost', port=11434): Read timed out. (read timeout=800)
INFO:werkzeug:127.0.0.1 - - [10/Jul/2025 15:40:19] "POST / HTTP/1.1" 200 -
INFO:werkzeug:127.0.0.1 - - [10/Jul/2025 15:47:42] "POST / HTTP/1.1" 200 -
INFO:werkzeug:127.0.0.1 - - [10/Jul/2025 15:48:43] "POST / HTTP/1.1" 200 -
INFO:sentence_transformers.SentenceTransformer:Use pytorch device_name: cpu
INFO:sentence_transformers.SentenceTransformer:Load pretrained SentenceTransformer: BAAI/bge-m3
INFO:faiss.loader:Loading faiss with AVX2 support.
INFO:faiss.loader:Successfully loaded faiss with AVX2 support.
INFO:faiss:Failed to load GPU Faiss: name 'GpuIndexIVFFlat' is not defined. Will not load constructor refs for GPU indexes. This is only an error if you're trying to use GPU Faiss.
INFO:werkzeug:[31m[1mWARNING: This is a development server. Do not use it in a production deployment. Use a production WSGI server instead.[0m
 * Running on http://127.0.0.1:5000
INFO:werkzeug:[33mPress CTRL+C to quit[0m
INFO:werkzeug: * Restarting with stat
INFO:sentence_transformers.SentenceTransformer:Use pytorch device_name: cpu
INFO:sentence_transformers.SentenceTransformer:Load pretrained SentenceTransformer: BAAI/bge-m3
INFO:faiss.loader:Loading faiss with AVX2 support.
INFO:faiss.loader:Successfully loaded faiss with AVX2 support.
INFO:faiss:Failed to load GPU Faiss: name 'GpuIndexIVFFlat' is not defined. Will not load constructor refs for GPU indexes. This is only an error if you're trying to use GPU Faiss.
WARNING:werkzeug: * Debugger is active!
INFO:werkzeug: * Debugger PIN: 107-690-026
INFO:werkzeug:127.0.0.1 - - [11/Jul/2025 09:52:01] "GET / HTTP/1.1" 200 -
INFO:werkzeug:127.0.0.1 - - [11/Jul/2025 09:52:02] "[33mGET /favicon.ico HTTP/1.1[0m" 404 -
INFO:werkzeug:127.0.0.1 - - [11/Jul/2025 10:05:29] "POST / HTTP/1.1" 200 -
INFO:werkzeug:127.0.0.1 - - [11/Jul/2025 10:07:29] "POST / HTTP/1.1" 200 -
INFO:sentence_transformers.SentenceTransformer:Use pytorch device_name: cpu
INFO:sentence_transformers.SentenceTransformer:Load pretrained SentenceTransformer: BAAI/bge-m3
INFO:faiss.loader:Loading faiss with AVX2 support.
INFO:faiss.loader:Successfully loaded faiss with AVX2 support.
INFO:faiss:Failed to load GPU Faiss: name 'GpuIndexIVFFlat' is not defined. Will not load constructor refs for GPU indexes. This is only an error if you're trying to use GPU Faiss.
INFO:werkzeug:[31m[1mWARNING: This is a development server. Do not use it in a production deployment. Use a production WSGI server instead.[0m
 * Running on http://127.0.0.1:5000
INFO:werkzeug:[33mPress CTRL+C to quit[0m
INFO:werkzeug: * Restarting with stat
INFO:sentence_transformers.SentenceTransformer:Use pytorch device_name: cpu
INFO:sentence_transformers.SentenceTransformer:Load pretrained SentenceTransformer: BAAI/bge-m3
INFO:faiss.loader:Loading faiss with AVX2 support.
INFO:faiss.loader:Successfully loaded faiss with AVX2 support.
INFO:faiss:Failed to load GPU Faiss: name 'GpuIndexIVFFlat' is not defined. Will not load constructor refs for GPU indexes. This is only an error if you're trying to use GPU Faiss.
WARNING:werkzeug: * Debugger is active!
INFO:werkzeug: * Debugger PIN: 107-690-026
INFO:werkzeug:127.0.0.1 - - [14/Jul/2025 10:33:28] "GET / HTTP/1.1" 200 -
INFO:werkzeug:127.0.0.1 - - [14/Jul/2025 10:33:36] "[33mGET /favicon.ico HTTP/1.1[0m" 404 -
ERROR:root:Erro ao consultar modelo: HTTPConnectionPool(host='localhost', port=11434): Read timed out. (read timeout=800)
INFO:werkzeug:127.0.0.1 - - [14/Jul/2025 10:46:00] "POST / HTTP/1.1" 200 -
ERROR:root:Erro ao consultar modelo: HTTPConnectionPool(host='localhost', port=11434): Read timed out. (read timeout=800)
INFO:werkzeug:127.0.0.1 - - [14/Jul/2025 10:59:03] "POST / HTTP/1.1" 200 -
INFO:sentence_transformers.SentenceTransformer:Use pytorch device_name: cpu
INFO:sentence_transformers.SentenceTransformer:Load pretrained SentenceTransformer: BAAI/bge-m3
INFO:faiss.loader:Loading faiss with AVX2 support.
INFO:faiss.loader:Successfully loaded faiss with AVX2 support.
INFO:faiss:Failed to load GPU Faiss: name 'GpuIndexIVFFlat' is not defined. Will not load constructor refs for GPU indexes. This is only an error if you're trying to use GPU Faiss.
INFO:werkzeug:[31m[1mWARNING: This is a development server. Do not use it in a production deployment. Use a production WSGI server instead.[0m
 * Running on http://127.0.0.1:5000
INFO:werkzeug:[33mPress CTRL+C to quit[0m
INFO:werkzeug: * Restarting with stat
INFO:sentence_transformers.SentenceTransformer:Use pytorch device_name: cpu
INFO:sentence_transformers.SentenceTransformer:Load pretrained SentenceTransformer: BAAI/bge-m3
INFO:faiss.loader:Loading faiss with AVX2 support.
INFO:faiss.loader:Successfully loaded faiss with AVX2 support.
INFO:faiss:Failed to load GPU Faiss: name 'GpuIndexIVFFlat' is not defined. Will not load constructor refs for GPU indexes. This is only an error if you're trying to use GPU Faiss.
WARNING:werkzeug: * Debugger is active!
INFO:werkzeug: * Debugger PIN: 107-690-026
INFO:sentence_transformers.SentenceTransformer:Use pytorch device_name: cpu
INFO:sentence_transformers.SentenceTransformer:Load pretrained SentenceTransformer: BAAI/bge-m3
INFO:faiss.loader:Loading faiss with AVX2 support.
INFO:faiss.loader:Successfully loaded faiss with AVX2 support.
INFO:faiss:Failed to load GPU Faiss: name 'GpuIndexIVFFlat' is not defined. Will not load constructor refs for GPU indexes. This is only an error if you're trying to use GPU Faiss.
INFO:werkzeug:[31m[1mWARNING: This is a development server. Do not use it in a production deployment. Use a production WSGI server instead.[0m
 * Running on http://127.0.0.1:5000
INFO:werkzeug:[33mPress CTRL+C to quit[0m
INFO:werkzeug: * Restarting with stat
INFO:sentence_transformers.SentenceTransformer:Use pytorch device_name: cpu
INFO:sentence_transformers.SentenceTransformer:Load pretrained SentenceTransformer: BAAI/bge-m3
INFO:faiss.loader:Loading faiss with AVX2 support.
INFO:faiss.loader:Successfully loaded faiss with AVX2 support.
INFO:faiss:Failed to load GPU Faiss: name 'GpuIndexIVFFlat' is not defined. Will not load constructor refs for GPU indexes. This is only an error if you're trying to use GPU Faiss.
WARNING:werkzeug: * Debugger is active!
INFO:werkzeug: * Debugger PIN: 107-690-026
INFO:werkzeug:127.0.0.1 - - [14/Jul/2025 11:25:28] "GET / HTTP/1.1" 200 -
INFO:werkzeug:127.0.0.1 - - [14/Jul/2025 11:25:28] "[33mGET /favicon.ico HTTP/1.1[0m" 404 -
INFO:sentence_transformers.SentenceTransformer:Use pytorch device_name: cpu
INFO:sentence_transformers.SentenceTransformer:Load pretrained SentenceTransformer: BAAI/bge-m3
INFO:faiss.loader:Loading faiss with AVX2 support.
INFO:faiss.loader:Successfully loaded faiss with AVX2 support.
INFO:faiss:Failed to load GPU Faiss: name 'GpuIndexIVFFlat' is not defined. Will not load constructor refs for GPU indexes. This is only an error if you're trying to use GPU Faiss.
INFO:werkzeug:[31m[1mWARNING: This is a development server. Do not use it in a production deployment. Use a production WSGI server instead.[0m
 * Running on http://127.0.0.1:5000
INFO:werkzeug:[33mPress CTRL+C to quit[0m
INFO:werkzeug: * Restarting with stat
INFO:sentence_transformers.SentenceTransformer:Use pytorch device_name: cpu
INFO:sentence_transformers.SentenceTransformer:Load pretrained SentenceTransformer: BAAI/bge-m3
INFO:faiss.loader:Loading faiss with AVX2 support.
INFO:faiss.loader:Successfully loaded faiss with AVX2 support.
INFO:faiss:Failed to load GPU Faiss: name 'GpuIndexIVFFlat' is not defined. Will not load constructor refs for GPU indexes. This is only an error if you're trying to use GPU Faiss.
WARNING:werkzeug: * Debugger is active!
INFO:werkzeug: * Debugger PIN: 107-690-026
INFO:werkzeug:127.0.0.1 - - [14/Jul/2025 11:44:58] "GET / HTTP/1.1" 200 -
ERROR:root:Erro ao consultar modelo: 'response'
INFO:werkzeug:127.0.0.1 - - [14/Jul/2025 11:45:21] "POST / HTTP/1.1" 200 -
ERROR:root:Erro ao consultar modelo: 'response'
INFO:werkzeug:127.0.0.1 - - [14/Jul/2025 11:45:29] "POST / HTTP/1.1" 200 -
INFO:sentence_transformers.SentenceTransformer:Use pytorch device_name: cpu
INFO:sentence_transformers.SentenceTransformer:Load pretrained SentenceTransformer: BAAI/bge-m3
INFO:faiss.loader:Loading faiss with AVX2 support.
INFO:faiss.loader:Successfully loaded faiss with AVX2 support.
INFO:faiss:Failed to load GPU Faiss: name 'GpuIndexIVFFlat' is not defined. Will not load constructor refs for GPU indexes. This is only an error if you're trying to use GPU Faiss.
ERROR:root:Erro ao consultar modelo: 'response'
INFO:sentence_transformers.SentenceTransformer:Use pytorch device_name: cpu
INFO:sentence_transformers.SentenceTransformer:Load pretrained SentenceTransformer: BAAI/bge-m3
INFO:faiss.loader:Loading faiss with AVX2 support.
INFO:faiss.loader:Successfully loaded faiss with AVX2 support.
INFO:faiss:Failed to load GPU Faiss: name 'GpuIndexIVFFlat' is not defined. Will not load constructor refs for GPU indexes. This is only an error if you're trying to use GPU Faiss.
INFO:sentence_transformers.SentenceTransformer:Use pytorch device_name: cpu
INFO:sentence_transformers.SentenceTransformer:Load pretrained SentenceTransformer: BAAI/bge-m3
INFO:faiss.loader:Loading faiss with AVX2 support.
INFO:faiss.loader:Successfully loaded faiss with AVX2 support.
INFO:faiss:Failed to load GPU Faiss: name 'GpuIndexIVFFlat' is not defined. Will not load constructor refs for GPU indexes. This is only an error if you're trying to use GPU Faiss.
INFO:werkzeug:[31m[1mWARNING: This is a development server. Do not use it in a production deployment. Use a production WSGI server instead.[0m
 * Running on http://127.0.0.1:5000
INFO:werkzeug:[33mPress CTRL+C to quit[0m
INFO:werkzeug: * Restarting with stat
INFO:sentence_transformers.SentenceTransformer:Use pytorch device_name: cpu
INFO:sentence_transformers.SentenceTransformer:Load pretrained SentenceTransformer: BAAI/bge-m3
INFO:faiss.loader:Loading faiss with AVX2 support.
INFO:faiss.loader:Successfully loaded faiss with AVX2 support.
INFO:faiss:Failed to load GPU Faiss: name 'GpuIndexIVFFlat' is not defined. Will not load constructor refs for GPU indexes. This is only an error if you're trying to use GPU Faiss.
WARNING:werkzeug: * Debugger is active!
INFO:werkzeug: * Debugger PIN: 107-690-026
INFO:werkzeug:127.0.0.1 - - [14/Jul/2025 12:01:51] "GET / HTTP/1.1" 200 -
INFO:werkzeug:127.0.0.1 - - [14/Jul/2025 12:04:13] "POST / HTTP/1.1" 200 -
INFO:werkzeug: * Detected change in 'C:\\Users\\patrick.rosa\\Desktop\\iaedit\\chatbot_faiss.py', reloading
INFO:werkzeug: * Restarting with stat
INFO:sentence_transformers.SentenceTransformer:Use pytorch device_name: cpu
INFO:sentence_transformers.SentenceTransformer:Load pretrained SentenceTransformer: BAAI/bge-m3
INFO:faiss.loader:Loading faiss with AVX2 support.
INFO:faiss.loader:Successfully loaded faiss with AVX2 support.
INFO:faiss:Failed to load GPU Faiss: name 'GpuIndexIVFFlat' is not defined. Will not load constructor refs for GPU indexes. This is only an error if you're trying to use GPU Faiss.
WARNING:werkzeug: * Debugger is active!
INFO:werkzeug: * Debugger PIN: 107-690-026
INFO:werkzeug: * Detected change in 'C:\\Users\\patrick.rosa\\Desktop\\iaedit\\chatbot_faiss.py', reloading
INFO:werkzeug: * Restarting with stat
INFO:sentence_transformers.SentenceTransformer:Use pytorch device_name: cpu
INFO:sentence_transformers.SentenceTransformer:Load pretrained SentenceTransformer: BAAI/bge-m3
INFO:faiss.loader:Loading faiss with AVX2 support.
INFO:faiss.loader:Successfully loaded faiss with AVX2 support.
INFO:faiss:Failed to load GPU Faiss: name 'GpuIndexIVFFlat' is not defined. Will not load constructor refs for GPU indexes. This is only an error if you're trying to use GPU Faiss.
INFO:werkzeug:[31m[1mWARNING: This is a development server. Do not use it in a production deployment. Use a production WSGI server instead.[0m
 * Running on http://127.0.0.1:5000
INFO:werkzeug:[33mPress CTRL+C to quit[0m
INFO:werkzeug: * Restarting with stat
INFO:sentence_transformers.SentenceTransformer:Use pytorch device_name: cpu
INFO:sentence_transformers.SentenceTransformer:Load pretrained SentenceTransformer: BAAI/bge-m3
INFO:faiss.loader:Loading faiss with AVX2 support.
INFO:faiss.loader:Successfully loaded faiss with AVX2 support.
INFO:faiss:Failed to load GPU Faiss: name 'GpuIndexIVFFlat' is not defined. Will not load constructor refs for GPU indexes. This is only an error if you're trying to use GPU Faiss.
WARNING:werkzeug: * Debugger is active!
INFO:werkzeug: * Debugger PIN: 107-690-026
INFO:werkzeug:127.0.0.1 - - [14/Jul/2025 12:11:20] "GET / HTTP/1.1" 200 -
INFO:werkzeug:127.0.0.1 - - [14/Jul/2025 12:14:33] "POST / HTTP/1.1" 200 -
INFO:werkzeug:127.0.0.1 - - [14/Jul/2025 12:16:12] "POST / HTTP/1.1" 200 -
INFO:werkzeug:127.0.0.1 - - [14/Jul/2025 12:16:52] "POST / HTTP/1.1" 200 -
INFO:werkzeug:127.0.0.1 - - [14/Jul/2025 12:22:20] "POST / HTTP/1.1" 200 -
INFO:werkzeug: * Detected change in 'C:\\Users\\patrick.rosa\\Desktop\\iaedit\\chatbot_faiss.py', reloading
INFO:werkzeug: * Restarting with stat
INFO:sentence_transformers.SentenceTransformer:Use pytorch device_name: cpu
INFO:sentence_transformers.SentenceTransformer:Load pretrained SentenceTransformer: BAAI/bge-m3
INFO:faiss.loader:Loading faiss with AVX2 support.
INFO:faiss.loader:Successfully loaded faiss with AVX2 support.
INFO:faiss:Failed to load GPU Faiss: name 'GpuIndexIVFFlat' is not defined. Will not load constructor refs for GPU indexes. This is only an error if you're trying to use GPU Faiss.
WARNING:werkzeug: * Debugger is active!
INFO:werkzeug: * Debugger PIN: 107-690-026
INFO:werkzeug: * Detected change in 'C:\\Users\\patrick.rosa\\Desktop\\iaedit\\chatbot_faiss.py', reloading
INFO:werkzeug: * Restarting with stat
INFO:sentence_transformers.SentenceTransformer:Use pytorch device_name: cpu
INFO:sentence_transformers.SentenceTransformer:Load pretrained SentenceTransformer: BAAI/bge-m3
INFO:faiss.loader:Loading faiss with AVX2 support.
INFO:faiss.loader:Successfully loaded faiss with AVX2 support.
INFO:faiss:Failed to load GPU Faiss: name 'GpuIndexIVFFlat' is not defined. Will not load constructor refs for GPU indexes. This is only an error if you're trying to use GPU Faiss.
WARNING:werkzeug: * Debugger is active!
INFO:werkzeug: * Debugger PIN: 107-690-026
INFO:werkzeug: * Detected change in 'C:\\Users\\patrick.rosa\\Desktop\\iaedit\\chatbot_faiss.py', reloading
INFO:werkzeug: * Restarting with stat
INFO:sentence_transformers.SentenceTransformer:Use pytorch device_name: cpu
INFO:sentence_transformers.SentenceTransformer:Load pretrained SentenceTransformer: BAAI/bge-m3
INFO:faiss.loader:Loading faiss with AVX2 support.
INFO:faiss.loader:Successfully loaded faiss with AVX2 support.
INFO:faiss:Failed to load GPU Faiss: name 'GpuIndexIVFFlat' is not defined. Will not load constructor refs for GPU indexes. This is only an error if you're trying to use GPU Faiss.
WARNING:werkzeug: * Debugger is active!
INFO:werkzeug: * Debugger PIN: 107-690-026
INFO:sentence_transformers.SentenceTransformer:Use pytorch device_name: cpu
INFO:sentence_transformers.SentenceTransformer:Load pretrained SentenceTransformer: BAAI/bge-m3
INFO:faiss.loader:Loading faiss with AVX2 support.
INFO:faiss.loader:Successfully loaded faiss with AVX2 support.
INFO:faiss:Failed to load GPU Faiss: name 'GpuIndexIVFFlat' is not defined. Will not load constructor refs for GPU indexes. This is only an error if you're trying to use GPU Faiss.
INFO:werkzeug:[31m[1mWARNING: This is a development server. Do not use it in a production deployment. Use a production WSGI server instead.[0m
 * Running on http://127.0.0.1:5000
INFO:werkzeug:[33mPress CTRL+C to quit[0m
INFO:werkzeug: * Restarting with stat
INFO:sentence_transformers.SentenceTransformer:Use pytorch device_name: cpu
INFO:sentence_transformers.SentenceTransformer:Load pretrained SentenceTransformer: BAAI/bge-m3
INFO:faiss.loader:Loading faiss with AVX2 support.
INFO:faiss.loader:Successfully loaded faiss with AVX2 support.
INFO:faiss:Failed to load GPU Faiss: name 'GpuIndexIVFFlat' is not defined. Will not load constructor refs for GPU indexes. This is only an error if you're trying to use GPU Faiss.
WARNING:werkzeug: * Debugger is active!
INFO:werkzeug: * Debugger PIN: 107-690-026
INFO:werkzeug:127.0.0.1 - - [14/Jul/2025 12:37:24] "GET / HTTP/1.1" 200 -
INFO:werkzeug:127.0.0.1 - - [14/Jul/2025 12:40:21] "POST / HTTP/1.1" 200 -
INFO:werkzeug:127.0.0.1 - - [14/Jul/2025 12:40:22] "POST / HTTP/1.1" 200 -
INFO:sentence_transformers.SentenceTransformer:Use pytorch device_name: cpu
INFO:sentence_transformers.SentenceTransformer:Load pretrained SentenceTransformer: BAAI/bge-m3
INFO:faiss.loader:Loading faiss with AVX2 support.
INFO:faiss.loader:Successfully loaded faiss with AVX2 support.
INFO:faiss:Failed to load GPU Faiss: name 'GpuIndexIVFFlat' is not defined. Will not load constructor refs for GPU indexes. This is only an error if you're trying to use GPU Faiss.
INFO:werkzeug:[31m[1mWARNING: This is a development server. Do not use it in a production deployment. Use a production WSGI server instead.[0m
 * Running on http://127.0.0.1:5000
INFO:werkzeug:[33mPress CTRL+C to quit[0m
INFO:werkzeug: * Restarting with stat
INFO:sentence_transformers.SentenceTransformer:Use pytorch device_name: cpu
INFO:sentence_transformers.SentenceTransformer:Load pretrained SentenceTransformer: BAAI/bge-m3
INFO:faiss.loader:Loading faiss with AVX2 support.
INFO:faiss.loader:Successfully loaded faiss with AVX2 support.
INFO:faiss:Failed to load GPU Faiss: name 'GpuIndexIVFFlat' is not defined. Will not load constructor refs for GPU indexes. This is only an error if you're trying to use GPU Faiss.
WARNING:werkzeug: * Debugger is active!
INFO:werkzeug: * Debugger PIN: 107-690-026
INFO:werkzeug:127.0.0.1 - - [14/Jul/2025 12:47:24] "GET / HTTP/1.1" 200 -
INFO:werkzeug: * Detected change in 'C:\\Users\\patrick.rosa\\Desktop\\iaedit\\chatbot_faiss.py', reloading
INFO:werkzeug: * Restarting with stat
INFO:torch._subclasses.fake_tensor:FakeTensor cache stats:
INFO:torch._subclasses.fake_tensor:  cache_hits: 0
INFO:torch._subclasses.fake_tensor:  cache_misses: 0
INFO:sentence_transformers.SentenceTransformer:Use pytorch device_name: cpu
INFO:sentence_transformers.SentenceTransformer:Load pretrained SentenceTransformer: BAAI/bge-m3
INFO:faiss.loader:Loading faiss with AVX2 support.
INFO:faiss.loader:Successfully loaded faiss with AVX2 support.
INFO:faiss:Failed to load GPU Faiss: name 'GpuIndexIVFFlat' is not defined. Will not load constructor refs for GPU indexes. This is only an error if you're trying to use GPU Faiss.
INFO:werkzeug:[31m[1mWARNING: This is a development server. Do not use it in a production deployment. Use a production WSGI server instead.[0m
 * Running on http://127.0.0.1:5000
INFO:werkzeug:[33mPress CTRL+C to quit[0m
INFO:werkzeug: * Restarting with stat
INFO:sentence_transformers.SentenceTransformer:Use pytorch device_name: cpu
INFO:sentence_transformers.SentenceTransformer:Load pretrained SentenceTransformer: BAAI/bge-m3
INFO:faiss.loader:Loading faiss with AVX2 support.
INFO:faiss.loader:Successfully loaded faiss with AVX2 support.
INFO:faiss:Failed to load GPU Faiss: name 'GpuIndexIVFFlat' is not defined. Will not load constructor refs for GPU indexes. This is only an error if you're trying to use GPU Faiss.
WARNING:werkzeug: * Debugger is active!
INFO:werkzeug: * Debugger PIN: 107-690-026
INFO:werkzeug:127.0.0.1 - - [14/Jul/2025 12:50:36] "GET / HTTP/1.1" 200 -
INFO:werkzeug:127.0.0.1 - - [14/Jul/2025 12:52:24] "POST / HTTP/1.1" 200 -
INFO:werkzeug: * Detected change in 'C:\\Users\\patrick.rosa\\Desktop\\iaedit\\chatbot_faiss.py', reloading
INFO:werkzeug: * Restarting with stat
INFO:sentence_transformers.SentenceTransformer:Use pytorch device_name: cpu
INFO:sentence_transformers.SentenceTransformer:Load pretrained SentenceTransformer: BAAI/bge-m3
INFO:faiss.loader:Loading faiss with AVX2 support.
INFO:faiss.loader:Successfully loaded faiss with AVX2 support.
INFO:faiss:Failed to load GPU Faiss: name 'GpuIndexIVFFlat' is not defined. Will not load constructor refs for GPU indexes. This is only an error if you're trying to use GPU Faiss.
INFO:werkzeug:[31m[1mWARNING: This is a development server. Do not use it in a production deployment. Use a production WSGI server instead.[0m
 * Running on http://127.0.0.1:5000
INFO:werkzeug:[33mPress CTRL+C to quit[0m
INFO:werkzeug: * Restarting with stat
INFO:sentence_transformers.SentenceTransformer:Use pytorch device_name: cpu
INFO:sentence_transformers.SentenceTransformer:Load pretrained SentenceTransformer: BAAI/bge-m3
INFO:faiss.loader:Loading faiss with AVX2 support.
INFO:faiss.loader:Successfully loaded faiss with AVX2 support.
INFO:faiss:Failed to load GPU Faiss: name 'GpuIndexIVFFlat' is not defined. Will not load constructor refs for GPU indexes. This is only an error if you're trying to use GPU Faiss.
WARNING:werkzeug: * Debugger is active!
INFO:werkzeug: * Debugger PIN: 107-690-026
INFO:werkzeug:127.0.0.1 - - [14/Jul/2025 14:23:38] "GET / HTTP/1.1" 200 -
INFO:werkzeug:127.0.0.1 - - [14/Jul/2025 14:25:18] "POST / HTTP/1.1" 200 -
INFO:werkzeug: * Detected change in 'C:\\Users\\patrick.rosa\\Desktop\\iaedit\\chatbot_faiss.py', reloading
INFO:werkzeug: * Restarting with stat
INFO:sentence_transformers.SentenceTransformer:Use pytorch device_name: cpu
INFO:sentence_transformers.SentenceTransformer:Load pretrained SentenceTransformer: BAAI/bge-m3
INFO:faiss.loader:Loading faiss with AVX2 support.
INFO:faiss.loader:Successfully loaded faiss with AVX2 support.
INFO:faiss:Failed to load GPU Faiss: name 'GpuIndexIVFFlat' is not defined. Will not load constructor refs for GPU indexes. This is only an error if you're trying to use GPU Faiss.
INFO:werkzeug:[31m[1mWARNING: This is a development server. Do not use it in a production deployment. Use a production WSGI server instead.[0m
 * Running on http://127.0.0.1:5000
INFO:werkzeug:[33mPress CTRL+C to quit[0m
INFO:werkzeug: * Restarting with stat
INFO:sentence_transformers.SentenceTransformer:Use pytorch device_name: cpu
INFO:sentence_transformers.SentenceTransformer:Load pretrained SentenceTransformer: BAAI/bge-m3
INFO:faiss.loader:Loading faiss with AVX2 support.
INFO:faiss.loader:Successfully loaded faiss with AVX2 support.
INFO:faiss:Failed to load GPU Faiss: name 'GpuIndexIVFFlat' is not defined. Will not load constructor refs for GPU indexes. This is only an error if you're trying to use GPU Faiss.
WARNING:werkzeug: * Debugger is active!
INFO:werkzeug: * Debugger PIN: 107-690-026
INFO:werkzeug:127.0.0.1 - - [14/Jul/2025 14:45:11] "GET / HTTP/1.1" 200 -
INFO:werkzeug:127.0.0.1 - - [14/Jul/2025 14:48:20] "POST / HTTP/1.1" 200 -
INFO:werkzeug:127.0.0.1 - - [14/Jul/2025 14:48:20] "POST / HTTP/1.1" 200 -
INFO:werkzeug: * Detected change in 'C:\\Users\\patrick.rosa\\Desktop\\iaedit\\chatbot_faiss.py', reloading
INFO:werkzeug: * Restarting with stat
INFO:sentence_transformers.SentenceTransformer:Use pytorch device_name: cpu
INFO:sentence_transformers.SentenceTransformer:Load pretrained SentenceTransformer: BAAI/bge-m3
INFO:faiss.loader:Loading faiss with AVX2 support.
INFO:faiss.loader:Successfully loaded faiss with AVX2 support.
INFO:faiss:Failed to load GPU Faiss: name 'GpuIndexIVFFlat' is not defined. Will not load constructor refs for GPU indexes. This is only an error if you're trying to use GPU Faiss.
WARNING:werkzeug: * Debugger is active!
INFO:werkzeug: * Debugger PIN: 107-690-026
INFO:werkzeug: * Detected change in 'C:\\Users\\patrick.rosa\\Desktop\\iaedit\\chatbot_faiss.py', reloading
INFO:werkzeug: * Restarting with stat
INFO:sentence_transformers.SentenceTransformer:Use pytorch device_name: cpu
INFO:sentence_transformers.SentenceTransformer:Load pretrained SentenceTransformer: BAAI/bge-m3
INFO:faiss.loader:Loading faiss with AVX2 support.
INFO:faiss.loader:Successfully loaded faiss with AVX2 support.
INFO:faiss:Failed to load GPU Faiss: name 'GpuIndexIVFFlat' is not defined. Will not load constructor refs for GPU indexes. This is only an error if you're trying to use GPU Faiss.
WARNING:werkzeug: * Debugger is active!
INFO:werkzeug: * Debugger PIN: 107-690-026
INFO:sentence_transformers.SentenceTransformer:Use pytorch device_name: cpu
INFO:sentence_transformers.SentenceTransformer:Load pretrained SentenceTransformer: BAAI/bge-m3
INFO:faiss.loader:Loading faiss with AVX2 support.
INFO:faiss.loader:Successfully loaded faiss with AVX2 support.
INFO:faiss:Failed to load GPU Faiss: name 'GpuIndexIVFFlat' is not defined. Will not load constructor refs for GPU indexes. This is only an error if you're trying to use GPU Faiss.
INFO:werkzeug:[31m[1mWARNING: This is a development server. Do not use it in a production deployment. Use a production WSGI server instead.[0m
 * Running on http://127.0.0.1:5000
INFO:werkzeug:[33mPress CTRL+C to quit[0m
INFO:werkzeug: * Restarting with stat
INFO:sentence_transformers.SentenceTransformer:Use pytorch device_name: cpu
INFO:sentence_transformers.SentenceTransformer:Load pretrained SentenceTransformer: BAAI/bge-m3
INFO:faiss.loader:Loading faiss with AVX2 support.
INFO:faiss.loader:Successfully loaded faiss with AVX2 support.
INFO:faiss:Failed to load GPU Faiss: name 'GpuIndexIVFFlat' is not defined. Will not load constructor refs for GPU indexes. This is only an error if you're trying to use GPU Faiss.
WARNING:werkzeug: * Debugger is active!
INFO:werkzeug: * Debugger PIN: 107-690-026
INFO:werkzeug:127.0.0.1 - - [14/Jul/2025 14:53:06] "GET / HTTP/1.1" 200 -
INFO:werkzeug:127.0.0.1 - - [14/Jul/2025 14:53:06] "GET / HTTP/1.1" 200 -
INFO:werkzeug:127.0.0.1 - - [14/Jul/2025 14:54:41] "POST / HTTP/1.1" 200 -
INFO:werkzeug: * Detected change in 'C:\\Users\\patrick.rosa\\Desktop\\iaedit\\chatbot_faiss.py', reloading
INFO:werkzeug: * Restarting with stat
INFO:sentence_transformers.SentenceTransformer:Use pytorch device_name: cpu
INFO:sentence_transformers.SentenceTransformer:Load pretrained SentenceTransformer: BAAI/bge-m3
INFO:faiss.loader:Loading faiss with AVX2 support.
INFO:faiss.loader:Successfully loaded faiss with AVX2 support.
INFO:faiss:Failed to load GPU Faiss: name 'GpuIndexIVFFlat' is not defined. Will not load constructor refs for GPU indexes. This is only an error if you're trying to use GPU Faiss.
WARNING:werkzeug: * Debugger is active!
INFO:werkzeug: * Debugger PIN: 107-690-026
INFO:werkzeug: * Detected change in 'C:\\Users\\patrick.rosa\\Desktop\\iaedit\\chatbot_faiss.py', reloading
INFO:werkzeug: * Restarting with stat
INFO:sentence_transformers.SentenceTransformer:Use pytorch device_name: cpu
INFO:sentence_transformers.SentenceTransformer:Load pretrained SentenceTransformer: BAAI/bge-m3
INFO:faiss.loader:Loading faiss with AVX2 support.
INFO:faiss.loader:Successfully loaded faiss with AVX2 support.
INFO:faiss:Failed to load GPU Faiss: name 'GpuIndexIVFFlat' is not defined. Will not load constructor refs for GPU indexes. This is only an error if you're trying to use GPU Faiss.
INFO:werkzeug:[31m[1mWARNING: This is a development server. Do not use it in a production deployment. Use a production WSGI server instead.[0m
 * Running on http://127.0.0.1:5000
INFO:werkzeug:[33mPress CTRL+C to quit[0m
INFO:werkzeug: * Restarting with stat
INFO:sentence_transformers.SentenceTransformer:Use pytorch device_name: cpu
INFO:sentence_transformers.SentenceTransformer:Load pretrained SentenceTransformer: BAAI/bge-m3
INFO:faiss.loader:Loading faiss with AVX2 support.
INFO:faiss.loader:Successfully loaded faiss with AVX2 support.
INFO:faiss:Failed to load GPU Faiss: name 'GpuIndexIVFFlat' is not defined. Will not load constructor refs for GPU indexes. This is only an error if you're trying to use GPU Faiss.
WARNING:werkzeug: * Debugger is active!
INFO:werkzeug: * Debugger PIN: 107-690-026
INFO:werkzeug:127.0.0.1 - - [14/Jul/2025 15:06:30] "GET / HTTP/1.1" 200 -
INFO:werkzeug:127.0.0.1 - - [14/Jul/2025 15:06:31] "GET / HTTP/1.1" 200 -
INFO:werkzeug:127.0.0.1 - - [14/Jul/2025 15:08:13] "POST / HTTP/1.1" 200 -
INFO:werkzeug:127.0.0.1 - - [14/Jul/2025 15:08:42] "GET / HTTP/1.1" 200 -
INFO:werkzeug:127.0.0.1 - - [14/Jul/2025 15:08:45] "POST / HTTP/1.1" 200 -
INFO:werkzeug:127.0.0.1 - - [14/Jul/2025 15:10:42] "POST / HTTP/1.1" 200 -
INFO:werkzeug:127.0.0.1 - - [14/Jul/2025 15:12:00] "POST / HTTP/1.1" 200 -
INFO:werkzeug:127.0.0.1 - - [14/Jul/2025 15:46:28] "POST / HTTP/1.1" 200 -
INFO:sentence_transformers.SentenceTransformer:Use pytorch device_name: cpu
INFO:sentence_transformers.SentenceTransformer:Load pretrained SentenceTransformer: BAAI/bge-m3
INFO:faiss.loader:Loading faiss with AVX2 support.
INFO:faiss.loader:Successfully loaded faiss with AVX2 support.
INFO:faiss:Failed to load GPU Faiss: name 'GpuIndexIVFFlat' is not defined. Will not load constructor refs for GPU indexes. This is only an error if you're trying to use GPU Faiss.
INFO:werkzeug:[31m[1mWARNING: This is a development server. Do not use it in a production deployment. Use a production WSGI server instead.[0m
 * Running on http://127.0.0.1:5000
INFO:werkzeug:[33mPress CTRL+C to quit[0m
INFO:werkzeug: * Restarting with stat
INFO:sentence_transformers.SentenceTransformer:Use pytorch device_name: cpu
INFO:sentence_transformers.SentenceTransformer:Load pretrained SentenceTransformer: BAAI/bge-m3
INFO:faiss.loader:Loading faiss with AVX2 support.
INFO:faiss.loader:Successfully loaded faiss with AVX2 support.
INFO:faiss:Failed to load GPU Faiss: name 'GpuIndexIVFFlat' is not defined. Will not load constructor refs for GPU indexes. This is only an error if you're trying to use GPU Faiss.
WARNING:werkzeug: * Debugger is active!
INFO:werkzeug: * Debugger PIN: 107-690-026
INFO:werkzeug:127.0.0.1 - - [14/Jul/2025 15:53:20] "GET / HTTP/1.1" 200 -
INFO:werkzeug:127.0.0.1 - - [14/Jul/2025 15:55:56] "POST / HTTP/1.1" 200 -
INFO:werkzeug: * Detected change in 'C:\\Users\\patrick.rosa\\Desktop\\iaedit\\chatbot_faiss.py', reloading
INFO:werkzeug: * Restarting with stat
INFO:sentence_transformers.SentenceTransformer:Use pytorch device_name: cpu
INFO:sentence_transformers.SentenceTransformer:Load pretrained SentenceTransformer: BAAI/bge-m3
INFO:faiss.loader:Loading faiss with AVX2 support.
INFO:faiss.loader:Successfully loaded faiss with AVX2 support.
INFO:faiss:Failed to load GPU Faiss: name 'GpuIndexIVFFlat' is not defined. Will not load constructor refs for GPU indexes. This is only an error if you're trying to use GPU Faiss.
WARNING:werkzeug: * Debugger is active!
INFO:werkzeug: * Debugger PIN: 107-690-026
INFO:werkzeug: * Detected change in 'C:\\Users\\patrick.rosa\\Desktop\\iaedit\\chatbot_faiss.py', reloading
INFO:werkzeug: * Restarting with stat
INFO:sentence_transformers.SentenceTransformer:Use pytorch device_name: cpu
INFO:sentence_transformers.SentenceTransformer:Load pretrained SentenceTransformer: BAAI/bge-m3
INFO:faiss.loader:Loading faiss with AVX2 support.
INFO:faiss.loader:Successfully loaded faiss with AVX2 support.
INFO:faiss:Failed to load GPU Faiss: name 'GpuIndexIVFFlat' is not defined. Will not load constructor refs for GPU indexes. This is only an error if you're trying to use GPU Faiss.
INFO:werkzeug:[31m[1mWARNING: This is a development server. Do not use it in a production deployment. Use a production WSGI server instead.[0m
 * Running on http://127.0.0.1:5000
INFO:werkzeug:[33mPress CTRL+C to quit[0m
INFO:werkzeug: * Restarting with stat
INFO:sentence_transformers.SentenceTransformer:Use pytorch device_name: cpu
INFO:sentence_transformers.SentenceTransformer:Load pretrained SentenceTransformer: BAAI/bge-m3
INFO:faiss.loader:Loading faiss with AVX2 support.
INFO:faiss.loader:Successfully loaded faiss with AVX2 support.
INFO:faiss:Failed to load GPU Faiss: name 'GpuIndexIVFFlat' is not defined. Will not load constructor refs for GPU indexes. This is only an error if you're trying to use GPU Faiss.
WARNING:werkzeug: * Debugger is active!
INFO:werkzeug: * Debugger PIN: 107-690-026
INFO:werkzeug:127.0.0.1 - - [14/Jul/2025 16:05:47] "GET / HTTP/1.1" 200 -
INFO:werkzeug:127.0.0.1 - - [14/Jul/2025 16:08:09] "POST / HTTP/1.1" 200 -
INFO:sentence_transformers.SentenceTransformer:Use pytorch device_name: cpu
INFO:sentence_transformers.SentenceTransformer:Load pretrained SentenceTransformer: BAAI/bge-m3
INFO:faiss.loader:Loading faiss with AVX2 support.
INFO:faiss.loader:Successfully loaded faiss with AVX2 support.
INFO:faiss:Failed to load GPU Faiss: name 'GpuIndexIVFFlat' is not defined. Will not load constructor refs for GPU indexes. This is only an error if you're trying to use GPU Faiss.
INFO:werkzeug:[31m[1mWARNING: This is a development server. Do not use it in a production deployment. Use a production WSGI server instead.[0m
 * Running on http://127.0.0.1:5000
INFO:werkzeug:[33mPress CTRL+C to quit[0m
INFO:werkzeug: * Restarting with stat
INFO:sentence_transformers.SentenceTransformer:Use pytorch device_name: cpu
INFO:sentence_transformers.SentenceTransformer:Load pretrained SentenceTransformer: BAAI/bge-m3
INFO:faiss.loader:Loading faiss with AVX2 support.
INFO:faiss.loader:Successfully loaded faiss with AVX2 support.
INFO:faiss:Failed to load GPU Faiss: name 'GpuIndexIVFFlat' is not defined. Will not load constructor refs for GPU indexes. This is only an error if you're trying to use GPU Faiss.
WARNING:werkzeug: * Debugger is active!
INFO:werkzeug: * Debugger PIN: 107-690-026
INFO:werkzeug:127.0.0.1 - - [15/Jul/2025 09:20:01] "GET / HTTP/1.1" 200 -
INFO:werkzeug:127.0.0.1 - - [15/Jul/2025 09:20:01] "[33mGET /favicon.ico HTTP/1.1[0m" 404 -
INFO:werkzeug:127.0.0.1 - - [15/Jul/2025 09:21:54] "POST / HTTP/1.1" 200 -
INFO:werkzeug: * Detected change in 'C:\\Users\\patrick.rosa\\Desktop\\iaedit\\app.py', reloading
INFO:werkzeug: * Restarting with stat
INFO:sentence_transformers.SentenceTransformer:Use pytorch device_name: cpu
INFO:sentence_transformers.SentenceTransformer:Load pretrained SentenceTransformer: BAAI/bge-m3
INFO:faiss.loader:Loading faiss with AVX2 support.
INFO:faiss.loader:Successfully loaded faiss with AVX2 support.
INFO:faiss:Failed to load GPU Faiss: name 'GpuIndexIVFFlat' is not defined. Will not load constructor refs for GPU indexes. This is only an error if you're trying to use GPU Faiss.
INFO:werkzeug:[31m[1mWARNING: This is a development server. Do not use it in a production deployment. Use a production WSGI server instead.[0m
 * Running on http://127.0.0.1:5000
INFO:werkzeug:[33mPress CTRL+C to quit[0m
INFO:werkzeug: * Restarting with stat
INFO:sentence_transformers.SentenceTransformer:Use pytorch device_name: cpu
INFO:sentence_transformers.SentenceTransformer:Load pretrained SentenceTransformer: BAAI/bge-m3
INFO:faiss.loader:Loading faiss with AVX2 support.
INFO:faiss.loader:Successfully loaded faiss with AVX2 support.
INFO:faiss:Failed to load GPU Faiss: name 'GpuIndexIVFFlat' is not defined. Will not load constructor refs for GPU indexes. This is only an error if you're trying to use GPU Faiss.
WARNING:werkzeug: * Debugger is active!
INFO:werkzeug: * Debugger PIN: 107-690-026
INFO:werkzeug:127.0.0.1 - - [15/Jul/2025 10:57:53] "GET / HTTP/1.1" 200 -
INFO:werkzeug:127.0.0.1 - - [15/Jul/2025 10:57:53] "GET / HTTP/1.1" 200 -
INFO:werkzeug:127.0.0.1 - - [15/Jul/2025 10:57:58] "POST / HTTP/1.1" 200 -
INFO:werkzeug:127.0.0.1 - - [15/Jul/2025 10:58:18] "POST / HTTP/1.1" 200 -
